[wed-webs.com/arnantopepita/index.html]
[backblue.gif]
[fade.gif]
[index.html]
[wed-webs.com/wp-content/plugins/wedwebs-guest/assets/ww-frontend31ec.css]
[wed-webs.com/wp-content/themes/hello-elementor/assets/css/resetedb1.css]
[wed-webs.com/wp-content/themes/hello-elementor/assets/css/themeedb1.css]
[wed-webs.com/wp-content/themes/hello-elementor/assets/css/header-footeredb1.css]
[wed-webs.com/wp-content/uploads/elementor/css/custom-frontend.min1c98.css]
[wed-webs.com/wp-content/uploads/elementor/css/post-259031c98.css]
[wed-webs.com/wp-content/plugins/elementor/assets/lib/font-awesome/css/all.min55cb.css]
[wed-webs.com/wp-content/plugins/elementor/assets/lib/font-awesome/css/v4-shims.min55cb.css]
[wed-webs.com/wp-content/plugins/elementor/assets/css/widget-heading.min55cb.css]
[wed-webs.com/wp-content/plugins/elementor/assets/lib/animations/styles/zoomIn.min55cb.css]
[wed-webs.com/wp-content/plugins/elementor/assets/css/widget-image.min55cb.css]
[wed-webs.com/wp-content/plugins/elementor-pro/assets/css/widget-lottie.min862f.css]
[wed-webs.com/wp-content/plugins/elementor/assets/lib/animations/styles/fadeInRight.min55cb.css]
[wed-webs.com/wp-content/plugins/elementor/assets/lib/animations/styles/fadeInUp.min55cb.css]
[wed-webs.com/wp-content/plugins/elementor/assets/css/widget-divider.min55cb.css]
[wed-webs.com/wp-content/plugins/elementor/assets/lib/animations/styles/fadeInLeft.min55cb.css]
[wed-webs.com/wp-content/plugins/fluentform/assets/css/fluent-forms-publicdc24.css]
[wed-webs.com/wp-content/plugins/fluentform/assets/css/fluentform-public-defaultdc24.css]
[wed-webs.com/wp-content/plugins/elementor-pro/assets/css/widget-posts.min862f.css]
[wed-webs.com/wp-content/plugins/elementor/assets/lib/swiper/v8/css/swiper.min94a4.css]
[wed-webs.com/wp-content/plugins/elementor/assets/css/conditionals/e-swiper.min55cb.css]
[wed-webs.com/wp-content/plugins/elementor-pro/assets/css/widget-gallery.min862f.css]
[wed-webs.com/wp-content/plugins/elementor/assets/lib/e-gallery/css/e-gallery.min7359.css]
[wed-webs.com/wp-content/plugins/elementor-pro/assets/css/conditionals/transitions.min862f.css]
[wed-webs.com/wp-content/plugins/elementor-pro/assets/css/widget-countdown.min862f.css]
[wed-webs.com/wp-content/plugins/elementor/assets/css/widget-social-icons.min55cb.css]
[wed-webs.com/wp-content/uploads/elementor/css/custom-apple-webkit.min1c98.css]
[wed-webs.com/wp-content/plugins/elementor/assets/lib/animations/styles/e-animation-wobble-skew.min55cb.css]
[wed-webs.com/wp-content/uploads/elementor/css/custom-widget-icon-box.min1c98.css]
[wed-webs.com/wp-content/plugins/elementor-pro/assets/css/modules/sticky.min862f.css]
[wed-webs.com/wp-content/uploads/elementor/css/post-173098b7bb.css]
[wed-webs.com/wp-content/plugins/fluentform/assets/css/fluent-forms-elementor-widgetdc24.css]
[wed-webs.com/wp-content/uploads/elementor/google-fonts/css/poppins60e2.css]
[wed-webs.com/wp-content/uploads/elementor/google-fonts/css/lato60e2.css]
[wed-webs.com/wp-content/uploads/elementor/google-fonts/css/montserrat43c4.css]
[wed-webs.com/wp-content/uploads/elementor/google-fonts/css/karla43c4.css]
[wed-webs.com/wp-content/uploads/elementor/google-fonts/css/roboto7fa6.css]
[wed-webs.com/wp-content/uploads/elementor/google-fonts/css/forum7fa6.css]
[wed-webs.com/wp-includes/js/jquery/jquery.minf43b.js]
[wed-webs.com/wp-includes/js/jquery/jquery-migrate.min5589.js]
[wed-webs.com/wp-content/plugins/elementor/assets/lib/font-awesome/js/v4-shims.min55cb.js]
[wed-webs.com/wp-content/uploads/2022/03/cropped-Logo-W-2022-Gold-32x32.png]
[wed-webs.com/wp-content/uploads/2022/03/cropped-Logo-W-2022-Gold-192x192.png]
[wed-webs.com/wp-content/uploads/2022/03/cropped-Logo-W-2022-Gold-180x180.png]
[wed-webs.com/wp-content/uploads/2023/04/VIN002-AP.png]
[wed-webs.com/wp-content/uploads/2022/04/Vintage-Flower-2a.png]
[wed-webs.com/wp-content/uploads/2023/05/Arnanto-Pepita-2.jpg]
[wed-webs.com/wp-content/uploads/2023/05/Arnanto-Pepita-1.jpg]
[wed-webs.com/wp-content/uploads/2022/04/Vintage-Flower-2b.png]
[wed-webs.com/wp-content/uploads/2023/05/Arnanto-Pepita-4.jpg]
[wed-webs.com/wp-content/uploads/2023/05/Arnanto-Pepita-5.jpg]
[wed-webs.com/wp-content/uploads/2023/05/Arnanto-Pepita-6.jpg]
[wed-webs.com/wp-content/uploads/2023/05/Arnanto-Pepita-7.jpg]
[wed-webs.com/UPLOAD/pause.png]
[wed-webs.com/arnantopepita/window.location.href]
[wed-webs.com/wp-content/uploads/2023/05/Arnanto-Pepita-3.jpg]
[wed-webs.com/wp-content/uploads/2023/05/Arnanto-Pepita-8.jpg]
[wed-webs.com/wp-content/uploads/elementor/css/post-26502e11f.css]
[wed-webs.com/wp-content/plugins/elementor/assets/lib/animations/styles/slideInRight.min55cb.css]
[wed-webs.com/wp-content/plugins/elementor-pro/assets/css/conditionals/popup.min862f.css]
[wed-webs.com/wp-content/uploads/elementor/css/post-1819710dcc.css]
[wed-webs.com/wp-content/plugins/elementor/assets/css/widget-spacer.min55cb.css]
[wed-webs.com/wp-content/uploads/elementor/css/custom-widget-image-box.min1c98.css]
[wed-webs.com/wp-content/uploads/elementor/css/post-78504e11f.css]
[wed-webs.com/wp-content/uploads/elementor/google-fonts/css/playfairdisplay1f9a.css]
[wed-webs.com/wp-content/uploads/elementor/google-fonts/css/pinyonscript1cb9.css]
[wed-webs.com/wp-includes/js/underscore.min3ab8.js]
[wed-webs.com/wp-content/plugins/wedwebs-guest/assets/ww-frontend3390.js]
[wed-webs.com/wp-content/plugins/elementor/assets/js/webpack.runtime.min55cb.js]
[wed-webs.com/wp-content/plugins/elementor/assets/js/frontend-modules.min55cb.js]
[wed-webs.com/wp-includes/js/jquery/ui/core.minb37e.js]
[wed-webs.com/wp-content/plugins/elementor/assets/js/frontend.min55cb.js]
[wed-webs.com/wp-content/plugins/elementor-pro/assets/lib/lottie/lottie.min3f90.js]
[wed-webs.com/wp-includes/js/imagesloaded.minbb93.js]
[wed-webs.com/wp-content/plugins/elementor/assets/lib/swiper/v8/swiper.min94a4.js]
[wed-webs.com/wp-content/plugins/elementor/assets/lib/e-gallery/js/e-gallery.min7359.js]
[wed-webs.com/wp-content/plugins/elementor-pro/assets/lib/sticky/jquery.sticky.min862f.js]
[wed-webs.com/wp-content/plugins/fluentform/assets/js/fluentform-advanceddc24.js]
[wed-webs.com/wp-content/plugins/fluentform/assets/js/form-submissiondc24.js]
[wed-webs.com/wp-content/plugins/elementor-pro/assets/js/webpack-pro.runtime.min862f.js]
[wed-webs.com/wp-includes/js/dist/hooks.min4fdd.js]
[wed-webs.com/wp-includes/js/dist/i18n.minc33c.js]
[wed-webs.com/wp-content/plugins/elementor-pro/assets/js/frontend.min862f.js]
[wed-webs.com/arnantopepita/index.html]
[wed-webs.com/wp-content/plugins/wedwebs-guest/assets/ww-frontend31ec.css]
[wed-webs.com/wp-content/themes/hello-elementor/assets/css/resetedb1.css]
[wed-webs.com/wp-content/themes/hello-elementor/assets/css/themeedb1.css]
[wed-webs.com/wp-content/themes/hello-elementor/assets/css/header-footeredb1.css]
[wed-webs.com/wp-content/uploads/elementor/css/custom-frontend.min1c98.css]
[wed-webs.com/wp-content/uploads/elementor/css/post-259031c98.css]
[wed-webs.com/wp-content/plugins/elementor/assets/lib/font-awesome/css/all.min55cb.css]
[wed-webs.com/wp-content/plugins/elementor/assets/lib/font-awesome/css/v4-shims.min55cb.css]
[wed-webs.com/wp-content/plugins/elementor/assets/css/widget-heading.min55cb.css]
[wed-webs.com/wp-content/plugins/elementor/assets/lib/animations/styles/zoomIn.min55cb.css]
[wed-webs.com/wp-content/plugins/elementor/assets/css/widget-image.min55cb.css]
[wed-webs.com/wp-content/plugins/elementor-pro/assets/css/widget-lottie.min862f.css]
[wed-webs.com/wp-content/plugins/elementor/assets/lib/animations/styles/fadeInRight.min55cb.css]
[wed-webs.com/wp-content/plugins/elementor/assets/lib/animations/styles/fadeInUp.min55cb.css]
[wed-webs.com/wp-content/plugins/elementor/assets/css/widget-divider.min55cb.css]
[wed-webs.com/wp-content/plugins/elementor/assets/lib/animations/styles/fadeInLeft.min55cb.css]
[wed-webs.com/wp-content/plugins/fluentform/assets/css/fluent-forms-publicdc24.css]
[wed-webs.com/wp-content/plugins/fluentform/assets/css/fluentform-public-defaultdc24.css]
[wed-webs.com/wp-content/plugins/elementor-pro/assets/css/widget-posts.min862f.css]
[wed-webs.com/wp-content/plugins/elementor/assets/lib/swiper/v8/css/swiper.min94a4.css]
[wed-webs.com/wp-content/plugins/elementor/assets/css/conditionals/e-swiper.min55cb.css]
[wed-webs.com/wp-content/plugins/elementor-pro/assets/css/widget-gallery.min862f.css]
[wed-webs.com/wp-content/plugins/elementor/assets/lib/e-gallery/css/e-gallery.min7359.css]
[wed-webs.com/wp-content/plugins/elementor-pro/assets/css/conditionals/transitions.min862f.css]
[wed-webs.com/wp-content/plugins/elementor-pro/assets/css/widget-countdown.min862f.css]
[wed-webs.com/wp-content/plugins/elementor/assets/css/widget-social-icons.min55cb.css]
[wed-webs.com/wp-content/uploads/elementor/css/custom-apple-webkit.min1c98.css]
[wed-webs.com/wp-content/plugins/elementor/assets/lib/animations/styles/e-animation-wobble-skew.min55cb.css]
[wed-webs.com/wp-content/uploads/elementor/css/custom-widget-icon-box.min1c98.css]
[wed-webs.com/wp-content/plugins/elementor-pro/assets/css/modules/sticky.min862f.css]
[wed-webs.com/wp-content/plugins/elementor-pro/assets/js/elements-handlers.min862f.js]
[wed-webs.com/wp-content/uploads/2023/04/VIN002-CLIFF-1b-scaled.jpg]
[wed-webs.com/wp-content/uploads/2023/04/VIN002-CLIFF-p1-e1684108424921.jpg]
[wed-webs.com/wp-content/uploads/2022/08/Mosque-1-Mobile-bg.jpg]
[wed-webs.com/wp-content/uploads/2023/04/VIN002-CLIFF-2.jpg]
[wed-webs.com/wp-content/uploads/elementor/css/post-173098b7bb.css]
[wed-webs.com/wp-content/plugins/fluentform/assets/css/fluent-forms-elementor-widgetdc24.css]
[wed-webs.com/wp-content/uploads/elementor/google-fonts/css/poppins60e2.css]
[wed-webs.com/wp-content/uploads/elementor/google-fonts/css/lato60e2.css]
[wed-webs.com/wp-content/uploads/elementor/google-fonts/css/montserrat43c4.css]
[wed-webs.com/wp-content/uploads/elementor/google-fonts/css/karla43c4.css]
[wed-webs.com/wp-content/uploads/elementor/google-fonts/css/roboto7fa6.css]
[wed-webs.com/wp-content/uploads/elementor/google-fonts/css/forum7fa6.css]
[wed-webs.com/arnantopepita/window.location.html]
[wed-webs.com/wp-content/uploads/elementor/css/post-26502e11f.css]
[wed-webs.com/wp-content/plugins/elementor/assets/lib/animations/styles/slideInRight.min55cb.css]
[wed-webs.com/wp-content/plugins/elementor-pro/assets/css/conditionals/popup.min862f.css]
[wed-webs.com/wp-content/uploads/elementor/css/post-1819710dcc.css]
[wed-webs.com/wp-content/plugins/elementor/assets/css/widget-spacer.min55cb.css]
[wed-webs.com/wp-content/uploads/elementor/css/custom-widget-image-box.min1c98.css]
[wed-webs.com/wp-content/uploads/elementor/css/post-78504e11f.css]
[wed-webs.com/wp-content/uploads/elementor/google-fonts/css/playfairdisplay1f9a.css]
[wed-webs.com/wp-content/uploads/elementor/google-fonts/css/pinyonscript1cb9.css]
